["return",true]
["return",false]
["return",false]
["return",true]
["return",[]]
["return",[["File \"\", line 1, characters 5-13","type t = int"],["File \"\", line 1, characters 18-22","val sexp_of_t : t -> Sexplib.Sexp.t"],["File \"\", line 1, characters 18-22","val t_of_sexp : Sexplib.Sexp.t -> t"],["File \"\", line 1, characters 27-43","val test : t -> Sexplib.Sexp.t"]]]
